Last login: Sat Jun  3 16:53:41 on console
Coreys-MacBook-Pro:~ Corey$ ls
Applications		Downloads		Pictures
Creative Cloud Files	Library			Public
Desktop			Movies			ftb
Documents		Music
Coreys-MacBook-Pro:~ Corey$ cd Desktop
Coreys-MacBook-Pro:Desktop Corey$ ls
Adobe Premiere Pro Auto-Save		TT & T Stuff
Cookbook				final
Flash Drive Back Up			images
School					index.html
Sharpell Technologies Design		saved
Summer Design 				styles-contact.css
TT & T Presentation Final Folder	zach stuff
Coreys-MacBook-Pro:Desktop Corey$ cd final
Coreys-MacBook-Pro:final Corey$ ls
american				mexican
chinese					progress_report_5-15-17_Owen.txt
css					progress_report_5-30-17_Owen
images					seafood
index.html
Coreys-MacBook-Pro:final Corey$ git clone
You must specify a repository to clone.

usage: git clone [<options>] [--] <repo> [<dir>]

    -v, --verbose         be more verbose
    -q, --quiet           be more quiet
    --progress            force progress reporting
    -n, --no-checkout     don't create a checkout
    --bare                create a bare repository
    --mirror              create a mirror repository (implies bare)
    -l, --local           to clone from a local repository
    --no-hardlinks        don't use local hardlinks, always copy
    -s, --shared          setup as shared repository
    --recursive           initialize submodules in the clone
    --recurse-submodules  initialize submodules in the clone
    -j, --jobs <n>        number of submodules cloned in parallel
    --template <template-directory>
                          directory from which templates will be used
    --reference <repo>    reference repository
    --dissociate          use --reference only while cloning
    -o, --origin <name>   use <name> instead of 'origin' to track upstream
    -b, --branch <branch>
                          checkout <branch> instead of the remote's HEAD
    -u, --upload-pack <path>
                          path to git-upload-pack on the remote
    --depth <depth>       create a shallow clone of that depth
    --single-branch       clone only one branch, HEAD or --branch
    --shallow-submodules  any cloned submodules will be shallow
    --separate-git-dir <gitdir>
                          separate git dir from working tree
    -c, --config <key=value>
                          set config inside the new repository
    -4, --ipv4            use IPv4 addresses only
    -6, --ipv6            use IPv6 addresses only

Coreys-MacBook-Pro:final Corey$ git clone https://github.com/corowen/final.git
Cloning into 'final'...
remote: Counting objects: 327, done.
remote: Compressing objects: 100% (188/188), done.
remote: Total 327 (delta 102), reused 306 (delta 81), pack-reused 0
Receiving objects: 100% (327/327), 29.51 MiB | 5.30 MiB/s, done.
Resolving deltas: 100% (102/102), done.
Coreys-MacBook-Pro:final Corey$ ls
american				index.html
chinese					mexican
css					progress_report_5-15-17_Owen.txt
final					progress_report_5-30-17_Owen
images					seafood
Coreys-MacBook-Pro:final Corey$ git add -a
error: unknown switch `a'
usage: git add [<options>] [--] <pathspec>...

    -n, --dry-run         dry run
    -v, --verbose         be verbose

    -i, --interactive     interactive picking
    -p, --patch           select hunks interactively
    -e, --edit            edit current diff and apply
    -f, --force           allow adding otherwise ignored files
    -u, --update          update tracked files
    -N, --intent-to-add   record only the fact that the path will be added later
    -A, --all             add changes from all tracked and untracked files
    --ignore-removal      ignore paths removed in the working tree (same as --no-all)
    --refresh             don't add, only refresh the index
    --ignore-errors       just skip files which cannot be added because of errors
    --ignore-missing      check if - even missing - files are ignored in dry run
    --chmod <(+/-)x>      override the executable bit of the listed files

Coreys-MacBook-Pro:final Corey$ git add -A
Coreys-MacBook-Pro:final Corey$ git commit -am "formated index.html"
[master d3a1847] formated index.html
 Committer: Corey Owen <Corey@Coreys-MacBook-Pro.local>
Your name and email address were configured automatically based
on your username and hostname. Please check that they are accurate.
You can suppress this message by setting them explicitly. Run the
following command and follow the instructions in your editor to edit
your configuration file:

    git config --global --edit

After doing this, you may fix the identity used for this commit with:

    git commit --amend --reset-author

 5 files changed, 50 insertions(+), 6 deletions(-)
 create mode 160000 final
 create mode 100644 progress_report_5-30-17_Owen
Coreys-MacBook-Pro:final Corey$ git push
Counting objects: 7, done.
Delta compression using up to 8 threads.
Compressing objects: 100% (6/6), done.
Writing objects: 100% (7/7), 1.47 KiB | 0 bytes/s, done.
Total 7 (delta 3), reused 0 (delta 0)
remote: Resolving deltas: 100% (3/3), completed with 3 local objects.
To https://github.com/corowen/final.git
   9a09aef..d3a1847  master -> master
Coreys-MacBook-Pro:final Corey$ git add -A
Coreys-MacBook-Pro:final Corey$ git commit -am "added transition to home pages of the categories"
[master 40fd641] added transition to home pages of the categories
 Committer: Corey Owen <Corey@Coreys-MacBook-Pro.local>
Your name and email address were configured automatically based
on your username and hostname. Please check that they are accurate.
You can suppress this message by setting them explicitly. Run the
following command and follow the instructions in your editor to edit
your configuration file:

    git config --global --edit

After doing this, you may fix the identity used for this commit with:

    git commit --amend --reset-author

 8 files changed, 146 insertions(+), 35 deletions(-)
Coreys-MacBook-Pro:final Corey$ git push
Counting objects: 17, done.
Delta compression using up to 8 threads.
Compressing objects: 100% (13/13), done.
Writing objects: 100% (17/17), 1.99 KiB | 0 bytes/s, done.
Total 17 (delta 10), reused 0 (delta 0)
remote: Resolving deltas: 100% (10/10), completed with 5 local objects.
To https://github.com/corowen/final.git
   d3a1847..40fd641  master -> master
Coreys-MacBook-Pro:final Corey$ git add -A
Coreys-MacBook-Pro:final Corey$ git commit -am "added css comments"
[master 888309b] added css comments
 Committer: Corey Owen <Corey@Coreys-MacBook-Pro.local>
Your name and email address were configured automatically based
on your username and hostname. Please check that they are accurate.
You can suppress this message by setting them explicitly. Run the
following command and follow the instructions in your editor to edit
your configuration file:

    git config --global --edit

After doing this, you may fix the identity used for this commit with:

    git commit --amend --reset-author

 4 files changed, 12 insertions(+)
Coreys-MacBook-Pro:final Corey$ git push
Counting objects: 13, done.
Delta compression using up to 8 threads.
Compressing objects: 100% (9/9), done.
Writing objects: 100% (13/13), 1.08 KiB | 0 bytes/s, done.
Total 13 (delta 8), reused 0 (delta 0)
remote: Resolving deltas: 100% (8/8), completed with 7 local objects.
To https://github.com/corowen/final.git
   40fd641..888309b  master -> master
Coreys-MacBook-Pro:final Corey$ git add -A
Coreys-MacBook-Pro:final Corey$ git commit -am "standardized image sizes"
[master a325838] standardized image sizes
 Committer: Corey Owen <Corey@Coreys-MacBook-Pro.local>
Your name and email address were configured automatically based
on your username and hostname. Please check that they are accurate.
You can suppress this message by setting them explicitly. Run the
following command and follow the instructions in your editor to edit
your configuration file:

    git config --global --edit

After doing this, you may fix the identity used for this commit with:

    git commit --amend --reset-author

 36 files changed, 1 insertion(+), 1 deletion(-)
 rewrite american/imagesamer/buckeyes_new.jpg (97%)
 rewrite american/imagesamer/crawfish_etouffee_new.jpg (96%)
 rewrite american/imagesamer/deep_dish_pizza_new.jpg (97%)
 rewrite american/imagesamer/detroit-style-coneys_new.jpg (95%)
 rewrite american/imagesamer/fish_tacos_new.jpg (96%)
 rewrite american/imagesamer/kansas_bbq_new.jpg (96%)
 rewrite american/imagesamer/lobster_roll_new.jpg (97%)
 rewrite american/imagesamer/southern_fried_chicken_new.jpg (96%)
 rewrite american/imagesamer/texas_bbq_new.jpg (95%)
 rewrite chinese/imageschin/babybokchoy_new.jpg (97%)
 rewrite chinese/imageschin/bao_new.jpg (96%)
 rewrite chinese/imageschin/beeftendon_new.jpg (97%)
 rewrite chinese/imageschin/dimsum_new.jpg (95%)
 rewrite chinese/imageschin/friedtofu_new.jpg (97%)
 rewrite chinese/imageschin/jok_new.jpg (97%)
 rewrite chinese/imageschin/pekingduck_new.jpg (96%)
 rewrite chinese/imageschin/redbeansoup_new.jpg (96%)
 rewrite chinese/imageschin/soupdumplings_new.jpg (97%)
 rewrite mexican/imagesmex/aguas_frescas_new.jpg (96%)
 rewrite mexican/imagesmex/barbacoa_new.jpg (95%)
 rewrite mexican/imagesmex/churros_new.jpg (96%)
 rewrite mexican/imagesmex/cotija_cheese_new.jpg (96%)
 rewrite mexican/imagesmex/huachinango_a_la_veracruzana_new.jpg (96%)
 rewrite mexican/imagesmex/mexico_city_flautas_new.jpg (97%)
 rewrite mexican/imagesmex/mole_new.jpg (95%)
 rewrite mexican/imagesmex/tacos_al_pastor_new.jpg (96%)
 rewrite mexican/imagesmex/tamales_new.jpg (96%)
 rewrite seafood/imagessea/butterflyshrimp_new.jpg (96%)
 rewrite seafood/imagessea/calamari_new.jpg (97%)
 rewrite seafood/imagessea/clamandchickenpaella_new.jpg (95%)
 rewrite seafood/imagessea/grilledahitunasalad_new.jpg (97%)
 rewrite seafood/imagessea/kingcrablegs.jpg (95%)
 rewrite seafood/imagessea/lobstertails_new.jpg (95%)
 rewrite seafood/imagessea/roastedredsnapper_new.jpg (96%)
 rewrite seafood/imagessea/slicedabalone_new.jpg (96%)
Coreys-MacBook-Pro:final Corey$ git push
Counting objects: 47, done.
Delta compression using up to 8 threads.
Compressing objects: 100% (46/46), done.
Writing objects: 100% (47/47), 7.64 MiB | 3.98 MiB/s, done.
Total 47 (delta 10), reused 0 (delta 0)
remote: Resolving deltas: 100% (10/10), completed with 10 local objects.
To https://github.com/corowen/final.git
   888309b..a325838  master -> master
Coreys-MacBook-Pro:final Corey$ 
